0.0052010
0.7446860
0.9911835
1.4776700
1.7163650
1.9688755
2.2186160
2.4575860
2.9594200
3.2145705
3.4492415
3.6884235
3.9331310
4.6768785
4.9264925
5.4154730
5.6481730
5.9022050
6.3991430
6.9002130
7.1565530
7.3942135
7.6341010
7.8776245
