0.0304035
1.3647910
1.8305970
3.4105815
5.4005020
5.4295370
6.3394595
6.7231080
6.8244085
7.2733435
8.1205175
8.1895770
9.2778605
