0.0221150
0.3551190
0.5025435
0.7682115
0.8046205
0.9752905
1.2950970
1.4277590
1.4668735
1.7276100
1.7726245
1.9041765
1.9391575
2.2622790
2.5695870
2.8887645
3.0265165
3.0613430
3.5130320
3.8151640
3.9862430
4.2962540
4.4611335
4.7929105
5.1084490
5.3710630
5.4155635
5.5419405
5.5828725
5.8825675
6.0552730
6.3505055
6.5326995
6.8380875
7.0178270
7.3359360
7.6325245
7.6743515
