0.5217860
0.5817365
0.7288195
3.1810835
5.8517670
8.5002465
11.1577680
