0.0516220
0.3233325
0.8291755
1.0879305
1.3560750
1.6163780
1.8589655
2.1281405
2.3745065
2.6435350
2.9042370
3.1798345
3.6743480
3.9378760
4.1863320
4.4653870
4.9796250
5.2467615
5.5062835
5.7765080
6.0223505
6.2909840
6.5716040
6.8281645
7.0815735
7.3376420
7.6075555
7.8545530
8.1274170
8.3856170
8.6261075
8.8973830
9.1594455
9.4136915
9.6991505
9.9349815
10.1996040
10.4466885
10.7242885
10.9653835
11.2263055
11.4873960
11.7473680
12.0153990
12.2617620
12.5290235
12.7999170
13.0566580
13.3244785
13.5759030
13.8462870
14.0928975
14.3571705
14.6056300
14.8946610
