0.0600675
0.8066915
1.3243890
1.7759345
2.1789300
2.5634275
3.0004595
3.4233560
3.9046955
4.4997420
