0.2162905
0.6496845
1.0568365
1.4785340
1.9352395
2.3528755
2.7741805
3.1913760
3.6358450
4.0703755
4.4952440
4.9268215
5.3635340
5.7759415
6.1942680
6.6214420
