0.0195125
0.7383345
0.8406850
0.9619445
1.6187815
1.7221360
2.1035660
2.7210090
4.8890480
5.0214140
5.9078395
6.0109765
6.9980500
7.1099675
8.5850120
9.1069070
9.2405170
9.3440055
9.4312205
9.5895945
9.9856175
10.0838810
10.2097470
10.3275780
10.4313765
10.7875245
11.1660880
11.2582395
11.5250565
12.0092355
12.1249415
12.2521750
12.4628155
13.1009090
13.2377640
13.4804600
13.8583395
13.9632900
14.0758600
14.1896525
14.4433090
