 0.060
 0.484
 0.900
 1.324
 1.756
 2.212
 2.640
 3.080
 3.504
 3.944
 4.380
 4.812
 5.224
 5.664
 6.108
 6.552
 6.980
 7.404
 7.840
 8.272
 8.704
 9.140
 9.568
10.008
10.424
10.860
11.292
11.720
12.144
12.568
13.008
13.436
13.868
14.296
14.728
15.160
15.596
16.024
16.436
16.872
17.288
17.720
18.164
18.584
19.004
19.448
19.868
20.304
20.752
21.152
21.584
22.028
22.468
22.920
23.392
23.824
24.260
24.708
25.144
25.576
26.032
26.488
26.900
27.360
27.796
28.244
28.700
29.136
29.556
