 0.036
 0.472
 0.948
 1.432
 1.912
 2.388
 2.868
 3.348
 3.828
 4.308
 4.792
 5.268
 5.744
 6.224
 6.704
 7.184
 7.660
 8.128
 8.608
 9.092
 9.584
10.060
10.540
11.016
11.504
12.000
12.472
12.956
13.440
13.908
14.372
14.824
15.296
15.764
16.248
16.740
17.248
17.752
18.256
18.744
19.192
19.656
20.124
20.604
21.052
21.496
21.976
22.464
22.956
23.456
23.956
24.436
24.920
25.400
25.880
26.360
26.844
27.332
27.804
28.284
28.768
29.260
29.724
