 0.112
 0.700
 1.268
 1.860
 2.440
 3.012
 3.584
 4.156
 4.732
 5.316
 5.888
 6.464
 7.036
 7.600
 8.192
 8.768
 9.340
 9.908
10.480
11.044
11.604
12.168
12.744
13.312
13.880
14.476
15.076
15.652
16.232
16.804
17.380
17.952
18.532
19.108
19.692
20.264
20.840
21.408
21.992
22.556
23.132
23.704
24.276
24.868
25.432
25.992
26.572
27.148
27.716
28.292
28.864
29.440
29.744
