 0.008
 0.536
 1.056
 1.580
 2.100
 2.624
 3.160
 3.680
 4.184
 4.720
 5.240
 5.788
 6.304
 6.844
 7.360
 7.896
 8.440
 8.956
 9.492
 9.992
10.516
11.012
11.544
12.044
12.580
13.096
13.628
14.160
14.684
15.212
15.736
16.236
16.796
17.344
17.876
18.376
18.928
19.448
19.972
20.512
21.020
21.520
22.040
22.564
23.060
23.584
24.100
24.664
25.176
25.700
26.216
26.752
27.280
27.792
28.336
28.844
29.364
29.860
