 0.032
 0.520
 1.004
 1.480
 1.964
 2.440
 2.924
 3.396
 3.884
 4.360
 4.840
 5.316
 5.800
 6.276
 6.760
 7.236
 7.712
 8.192
 8.668
 9.144
 9.628
10.108
10.588
11.064
11.548
12.028
12.508
12.984
13.468
13.952
14.436
14.908
15.384
15.864
16.348
16.828
17.308
17.788
18.260
18.744
19.228
19.704
20.192
20.668
21.148
21.628
22.108
22.584
23.068
23.548
24.028
24.504
24.988
25.468
25.948
26.428
26.908
27.388
27.868
28.344
28.828
29.308
29.788
