 0.036
 0.268
 0.500
 0.732
 0.948
 1.176
 1.412
 1.640
 1.860
 2.072
 2.304
 2.544
 2.760
 2.988
 3.216
 3.456
 3.676
 3.908
 4.156
 4.380
 4.624
 4.868
 5.084
 5.308
 5.516
 5.764
 5.980
 6.228
 6.456
 6.692
 6.920
 7.148
 7.404
 7.648
 7.900
 8.112
 8.336
 8.572
 8.812
 9.048
 9.248
 9.480
 9.704
 9.932
10.156
10.396
10.616
10.864
11.132
11.376
11.600
11.836
12.060
12.292
12.532
12.760
12.976
13.212
13.420
13.652
13.860
14.080
14.328
14.540
14.740
14.960
15.196
15.464
15.764
16.080
16.388
16.708
17.028
17.328
17.632
17.948
18.272
18.560
18.864
19.180
19.488
19.804
20.120
20.420
20.724
21.060
21.368
21.688
21.984
22.280
22.580
22.884
23.220
23.544
23.848
24.160
24.476
24.768
25.092
25.408
25.712
26.016
26.332
26.656
26.948
27.256
27.580
27.888
28.212
28.496
28.800
29.108
29.440
29.724
