 0.012
 0.436
 0.868
 1.300
 1.720
 2.148
 2.580
 3.008
 3.436
 3.860
 4.292
 4.712
 5.144
 5.572
 6.004
 6.432
 6.860
 7.288
 7.720
 8.152
 8.576
 9.000
 9.428
 9.856
10.284
10.712
11.144
11.572
11.996
12.424
12.856
13.288
13.712
14.140
14.568
15.008
15.428
15.856
16.284
16.712
17.140
17.568
17.996
18.424
18.852
19.280
19.708
20.140
20.568
20.996
21.424
21.852
22.280
22.708
23.136
23.564
23.992
24.420
24.848
25.276
25.704
26.132
26.564
26.992
27.420
27.844
28.276
28.704
29.132
29.560
29.780
