 0.020
 0.376
 0.772
 1.164
 1.560
 1.944
 2.332
 2.724
 3.116
 3.504
 3.888
 4.276
 4.668
 5.068
 5.452
 5.832
 6.240
 6.636
 7.024
 7.404
 7.796
 8.188
 8.580
 8.972
 9.372
 9.772
10.168
10.568
10.964
11.356
11.760
12.152
12.540
12.940
13.340
13.744
14.144
14.544
14.940
15.332
15.720
16.112
16.512
16.908
17.312
17.708
18.108
18.484
18.860
19.244
19.628
20.016
20.408
20.804
21.212
21.600
21.992
22.392
22.784
23.160
23.560
23.956
24.352
24.752
25.152
25.544
25.944
26.344
26.748
27.148
27.544
27.936
28.328
28.732
29.136
29.532
29.928
