 0.004
 0.480
 1.264
 2.040
 2.820
 3.592
 4.372
 5.144
 5.928
 6.704
 7.488
 8.268
 9.048
 9.824
10.604
11.388
12.164
12.944
13.720
14.484
15.280
16.064
16.840
17.616
18.400
19.172
19.952
20.736
21.516
22.296
23.072
23.840
24.632
25.412
26.188
26.972
27.744
28.524
29.304
29.712
