 0.144
 0.688
 1.224
 1.820
 2.428
 3.016
 3.560
 4.092
 4.612
 5.152
 5.688
 6.208
 6.724
 7.280
 7.808
 8.344
 8.900
 9.512
10.020
10.516
11.036
11.592
12.136
12.676
13.204
13.740
14.300
14.836
15.380
15.912
16.428
16.972
17.544
18.148
18.704
19.224
19.776
20.316
20.856
21.388
21.928
22.448
22.992
23.524
24.056
24.592
25.132
25.660
26.184
26.712
27.256
27.780
28.288
28.828
29.228
29.744
