 0.224
 0.688
 1.148
 1.604
 2.068
 2.532
 2.988
 3.448
 3.904
 4.372
 4.832
 5.296
 5.756
 6.216
 6.680
 7.144
 7.620
 8.068
 8.528
 8.988
 9.452
 9.912
10.376
10.836
11.296
11.760
12.220
12.680
13.144
13.608
14.068
14.528
14.988
15.452
15.912
16.372
16.832
17.296
17.760
18.220
18.680
19.144
19.608
20.068
20.528
20.992
21.460
21.920
22.384
22.840
23.296
23.756
24.216
24.680
25.140
25.604
26.068
26.524
26.984
27.444
27.908
28.368
28.828
29.292
29.848
