 0.128
 0.524
 0.928
 1.336
 1.740
 2.132
 2.520
 2.924
 3.320
 3.708
 4.100
 4.500
 4.892
 5.284
 5.664
 6.052
 6.448
 6.864
 7.276
 7.676
 8.080
 8.488
 8.880
 9.260
 9.660
10.052
10.436
10.848
11.256
11.648
12.040
12.424
12.816
13.240
13.644
14.052
14.452
14.852
15.244
15.628
16.024
16.424
16.820
17.204
17.604
18.016
18.416
18.804
19.212
19.616
20.020
20.420
20.828
21.240
21.636
22.028
22.440
22.856
23.256
23.652
24.048
24.452
24.860
25.248
25.640
26.036
26.432
26.844
27.228
27.620
28.036
28.440
28.816
29.224
29.628
