 0.008
 0.680
 1.372
 2.084
 2.764
 3.412
 4.148
 4.840
 5.524
 6.216
 6.900
 7.596
 8.284
 8.968
 9.676
10.368
11.060
11.748
12.448
13.140
13.824
14.496
15.212
15.896
16.584
17.276
17.968
18.656
19.352
20.036
20.740
21.428
22.116
22.812
23.504
24.196
24.888
25.576
26.272
26.956
27.652
28.340
29.032
29.724
