0.139320
0.534059
0.952018
1.358367
1.776327
2.194286
2.612245
3.041814
3.471383
3.900952
4.330522
4.748481
5.166440
5.584399
6.013968
6.443537
6.873107
7.302676
7.732245
8.161814
8.591383
9.009342
9.438912
9.868481
10.298050
10.716009
11.133968
11.551927
11.981497
12.411066
12.840635
13.270204
13.699773
14.129342
14.570522
15.000091
15.441270
15.870839
16.312018
16.741587
17.171156
17.600726
18.030295
18.459864
18.889433
19.319002
19.760181
20.189751
20.630930
21.048889
21.466848
21.896417
22.337596
22.778776
23.219955
23.661134
24.102313
24.531882
24.961451
25.402630
25.843810
26.284989
26.726168
27.167347
27.608526
28.049705
28.490884
28.932063
29.373243
29.814422
