0.011610
0.325079
0.754649
1.172608
1.602177
2.031746
2.461315
2.879274
3.297234
3.726803
4.156372
4.574331
5.003900
5.433469
5.851429
6.280998
6.710567
7.140136
7.558095
7.976054
8.405624
8.835193
9.264762
9.682721
10.112290
10.541859
10.959819
11.389388
11.807347
12.236916
12.666485
13.096054
13.514014
13.943583
14.373152
14.791111
15.209070
15.638639
16.068209
16.486168
16.915737
17.345306
17.774875
18.192834
18.622404
19.051973
19.481542
19.899501
20.317460
20.747029
21.176599
21.594558
22.024127
22.453696
22.883265
23.301224
23.730794
24.160363
24.589932
25.007891
25.425850
25.855420
26.284989
26.714558
27.144127
27.573696
28.003265
28.432834
28.862404
29.291973
29.721542
