0.023220
0.731429
1.451247
2.147846
2.879274
3.599093
4.307302
5.015510
5.723719
6.443537
7.151746
7.859955
8.579773
9.311202
10.031020
10.739229
11.459048
12.178866
12.910295
13.630113
14.349932
15.058141
15.754739
16.451338
17.159546
17.867755
18.564354
19.272562
19.992381
20.712200
21.432018
22.151837
22.871655
23.579864
24.288073
24.996281
25.716100
26.424308
27.132517
27.840726
28.548934
29.268753
