0.023220
0.417959
0.801088
1.184218
1.578957
1.962086
2.356825
2.751565
3.134694
3.517823
3.912562
4.295692
4.690431
5.085170
5.479909
5.863039
6.269388
6.652517
7.047256
7.430385
7.825125
8.219864
8.614603
9.009342
9.404082
9.798821
10.193560
10.599909
10.994649
11.389388
11.795737
12.190476
12.585215
12.991565
13.386304
13.781043
14.175782
14.570522
14.965261
15.360000
15.754739
16.149478
16.544218
16.938957
17.333696
17.728435
18.123175
18.506304
18.889433
19.272562
19.667302
20.062041
20.456780
20.851519
21.246259
21.629388
22.024127
22.418866
22.813605
23.208345
23.603084
23.997823
24.392562
24.787302
25.182041
25.576780
25.983129
26.377868
26.784218
27.190567
27.596916
28.003265
28.409615
28.815964
29.222313
29.640272
