0.348299
1.114558
1.880816
2.635465
3.413333
4.179592
4.957460
5.723719
6.478367
7.244626
7.987664
8.742313
9.485351
10.228390
10.948209
11.668027
12.387846
13.119274
13.850703
14.593741
15.348390
16.114649
16.869297
17.635556
18.390204
19.144853
19.899501
20.654150
21.420408
22.186667
22.952925
23.707574
24.462222
25.228481
25.994739
26.749388
27.504036
28.258685
29.013333
29.767982
