0.7591383
1.2815873
1.8040362
2.3264852
2.8547392
3.3887981
3.9228570
4.4685260
4.9967799
5.5308389
6.0590928
6.5757368
7.1097957
7.6380497
8.1663036
8.7061676
9.2053966
9.7452605
10.2619045
10.7843535
11.3068024
11.8234464
12.3458954
12.8741493
13.3965983
13.9248523
14.4531062
14.9697502
15.4863942
16.0146481
16.5429021
17.0769610
17.6052150
18.1334689
18.6617229
19.1899768
19.6775959
20.1942398
20.7224938
21.2449428
21.7790017
22.3072557
22.8297046
23.3521536
23.8746026
24.4028565
24.9311105
25.4535594
25.9760084
26.4984574
27.0209063
27.5433553
28.0658043
28.5882532
29.1107022
29.6331512
