0.5443537
1.0900226
1.6298866
2.1697505
2.7096144
3.2494784
3.7951473
4.3175963
4.8690702
5.4205441
5.9778230
6.5234919
7.0749658
7.6206347
8.1604987
8.7061676
9.2402265
9.7800905
10.3199544
10.8540133
11.3938773
11.9279362
12.4561902
12.9902491
13.5243080
14.0699770
14.6098409
15.1555098
15.7011787
16.2526526
16.7925166
17.3381855
17.8838544
18.4237183
18.9577773
19.5034462
20.0549201
20.6005890
21.1404530
21.6861219
22.2259858
22.7890697
23.3347386
23.8746026
24.4202715
24.9601354
25.5058043
26.0340583
26.5739222
27.1137862
27.6478451
28.1877090
28.7275730
29.2674369
29.8421308
