0.4921088
1.0261678
1.5486167
2.0884807
2.6167346
3.1565986
3.6848525
4.2131065
4.7123355
5.2754194
5.8094783
6.3493422
6.8950112
7.4348751
7.9631290
8.4855780
9.0022220
9.5246710
10.0413149
10.5695689
11.1036278
11.6260768
12.1601357
12.7116097
13.2398636
13.8784123
14.4008613
14.9117003
15.4399543
15.9914282
16.5138771
17.0479361
17.5761900
18.0986390
18.6326979
19.1783669
19.7240358
20.2522897
20.7747387
21.2971877
21.6919269
22.2201808
22.7542398
23.2824937
23.8049427
24.3273917
24.8556456
25.3838996
25.9237635
26.4636274
26.9976864
27.5433553
28.0774142
28.7159630
29.2732419
29.7898859
