0.4340589
0.8229932
1.2061224
1.5892517
1.9723809
2.3613151
2.7444444
3.1333786
3.5455328
3.9286620
4.2943763
4.6775055
5.0722448
5.4611790
5.8501132
6.2390475
6.6453967
7.0343309
7.4290701
7.8180043
8.2011336
8.5900678
8.9731970
9.3563263
9.7336505
10.1167798
10.5057140
10.9004532
11.2951925
11.6899317
12.0904759
12.4794101
12.8567344
13.2630836
13.6578228
14.0583670
14.4531062
14.8420404
15.2367797
15.6431289
16.0262581
16.4209973
16.8099315
17.1988658
17.5819950
17.9825392
18.4759632
18.8939224
19.3002716
19.7008158
20.0955550
20.4902943
20.8792285
21.2739677
21.6512920
22.0460312
22.4349654
22.8297046
23.2186389
23.6133781
24.0023123
24.3912465
24.7975957
25.1981399
25.5928792
25.9818134
26.3707476
26.7596819
27.1486161
27.5433553
27.9380945
28.3328337
28.7101580
29.1107022
29.5054414
29.8943757
