0.7243084
1.2699773
1.8098412
2.3497052
2.8895691
3.4294330
3.9692969
4.5149659
5.0548298
5.5946937
6.1345577
6.6744216
7.2142855
7.7599544
8.2940134
8.8396823
9.3795462
9.9194102
10.4592741
10.9991380
11.5390020
12.0788659
12.6187298
13.1643988
13.7042627
14.2441266
14.7839906
15.3238545
15.8637184
16.4035823
16.9434463
17.4833102
18.0231741
18.5630381
19.1087070
19.6485709
20.1884349
20.7282988
21.2681627
21.8138316
22.3536956
22.8935595
23.4334234
23.9732874
24.5131513
25.0530152
25.5928792
26.1327431
26.6726070
27.2124710
27.7523349
28.2921988
28.8262578
29.3603167
29.9001806
