0.7068934
1.2293424
1.7517913
2.2742403
2.7966893
3.3133332
3.8357822
4.3582312
4.8806801
5.4031291
5.9255781
6.4480270
6.9704760
7.4929250
8.0095690
8.5320179
9.0544669
9.5711109
10.0935598
10.6160088
11.1384578
11.6609067
12.1833557
12.6999997
13.2224486
13.7448976
14.2615416
14.7839906
15.3064395
15.8288885
16.3455325
16.8679814
17.3904304
17.9128794
18.4353283
18.9577773
19.4802263
20.0026752
20.5193192
21.0417682
21.5642171
22.0808611
22.6033101
23.1257590
23.6482080
24.1706570
24.6931059
25.2155549
25.7380039
26.2546479
26.7770968
27.2995458
27.8219948
28.3386387
28.8610877
29.3719267
29.9001806
