0.5327437
0.8984580
1.2699773
1.6414966
2.0188208
2.3845351
2.7502494
3.1159636
3.4816779
3.8531972
4.2247164
4.5904307
4.9561450
5.3218593
5.6933785
6.0590928
6.4248071
6.7905214
7.1562356
7.5277549
7.8992742
8.2591835
8.6248977
8.9906120
9.3621313
9.7278456
10.0935598
10.4592741
10.8249884
11.1965076
11.5622219
11.9279362
12.2936505
12.6651697
13.0308840
13.4024033
13.7739225
14.1454418
14.5169611
14.8826754
15.2541946
15.6257139
15.9972331
16.3629474
16.7286617
17.0943760
17.4600903
17.8258045
18.1973238
18.5630381
18.9287523
19.2944666
19.6601809
20.0258952
20.3974144
20.7631287
21.1288430
21.4945573
21.8660765
22.2317908
22.6033101
22.9748293
23.3405436
23.7062579
24.0777772
24.4434914
24.8150107
25.1807250
25.5580492
25.9237635
26.2894778
26.6609971
27.0267113
27.3982306
27.7639449
28.1354641
28.4953734
28.8610877
29.3196818
29.6912011
