0.1393
0.3715
0.7895
1.1610
1.7183
1.8112
1.9505
2.1362
2.2756
2.6471
2.8328
3.2508
3.8545
3.9474
4.1796
4.5047
4.6440
4.8762
5.1084
5.2477
5.3870
5.4799
5.7585
6.0836
6.2694
6.5016
6.6409
6.7338
6.8731
7.0124
7.1517
7.4768
7.6626
8.0341
8.3127
8.4521
8.5449
8.6843
8.7771
8.8700
9.1951
9.4273
9.5666
9.9846
10.1239
10.2168
10.3561
10.4954
10.6347
10.8205
11.0063
11.1456
11.5635
11.6564
11.7957
12.0279
12.1673
12.3066
12.4459
12.6317
12.8174
13.0032
13.3283
13.4676
13.6533
13.7927
