0.0464
0.2786
3.6223
3.7152
3.9010
5.0155
5.4799
5.5728
10.1703
