0.0464
0.3251
0.6037
0.9288
1.0681
1.2074
1.3003
1.5325
1.6254
1.8112
2.1362
