0.5108
0.7895
0.9288
1.0217
1.1146
1.2074
1.3003
1.4861
1.6254
1.7183
1.8576
1.9969
2.1827
2.3220
2.4613
2.6006
2.6935
2.7864
2.9722
3.1579
3.2972
3.3901
3.5294
3.6688
3.8081
3.9474
4.0403
4.1796
4.3189
4.5511
5.0155
5.2013
5.3870
5.5728
5.7585
5.9907
6.5945
6.7338
7.1053
7.3375
7.5233
7.7090
7.8948
7.9877
8.1734
8.3592
8.5914
8.8236
