0.0464
0.3251
0.6037
0.8359
1.1146
1.3932
1.6254
1.8576
2.1362
2.3684
2.6471
2.9257
3.2044
3.4366
3.7152
3.9474
4.2260
4.4582
4.7369
5.0155
5.2477
5.5263
5.8050
6.0372
6.3158
6.5945
6.8267
7.1053
7.3375
7.6161
7.8483
8.1270
8.4056
8.6378
8.9165
9.1951
9.4273
9.7059
9.9381
10.2168
10.4490
10.7276
11.0063
11.2385
11.5171
11.7493
12.0279
12.2601
12.5388
12.8174
13.0961
13.3283
13.6069
13.8391
13.9784
14.1177
14.3964
14.6286
