0.0929
0.6502
0.9752
1.2074
1.4861
1.6718
1.9969
2.2291
3.0650
3.2044
3.7616
4.0867
4.7833
5.2941
6.1301
6.3158
6.8267
7.1517
7.6626
7.8483
8.1270
8.6843
9.3809
9.8453
10.1703
10.9598
11.4707
12.3530
12.5388
12.6317
13.0496
13.3747
13.8855
14.0713
14.6286
