0.0464
0.1393
0.2786
0.3715
0.5573
0.6502
0.7430
0.8824
1.0217
1.1610
1.2539
1.3932
1.4861
1.6254
1.8576
2.0434
2.1362
2.2756
2.3684
2.5078
2.6471
2.7400
2.8793
3.0186
3.1579
3.2508
3.3901
3.5294
3.6223
3.9010
4.0403
4.1796
4.2725
4.3654
4.5511
4.6440
4.7833
5.0155
5.1548
5.2941
5.5263
5.6657
5.8979
6.0372
6.1765
6.2694
6.3623
6.5016
6.6409
6.7338
6.8731
7.0124
7.1517
7.2446
7.3839
7.5233
7.6161
7.7555
