0.2322
0.6502
1.0681
1.4861
1.9505
2.3684
2.7864
3.2044
3.6223
4.0867
4.5047
4.9226
5.3406
5.7585
6.1765
6.6409
