0.0464
0.3251
0.6502
0.7430
0.9288
1.0681
1.4861
1.7183
1.8576
1.9505
2.0434
2.1362
2.2756
2.4613
2.5542
2.9722
3.0650
3.2044
3.3901
3.5294
3.6223
3.7152
3.8081
3.9010
3.9938
4.1796
4.2725
4.4118
4.5047
4.9691
5.1548
5.2477
5.3870
5.4799
5.5728
5.6657
5.7585
5.9443
6.0836
6.2229
6.3623
6.4551
6.5480
6.7802
6.9195
7.0589
7.1517
7.2446
7.3375
7.4304
7.5697
7.6626
7.8948
8.3127
8.4985
8.7771
8.9629
9.1487
9.2415
9.3344
9.4273
9.7059
9.8453
9.9381
10.0310
10.3097
10.4954
10.5883
10.6812
10.8205
