0.0464
0.2786
0.6037
1.2074
1.5325
1.8576
2.1362
2.4613
3.0650
3.3901
3.6688
3.9938
4.3189
