0.1257320
0.7968765
0.9826020
1.3379445
1.6499430
2.4368420
2.5363630
2.6926250
2.8333050
3.0171050
3.1773185
4.3725605
4.5522090
4.9024560
5.6470150
6.0301180
6.2139060
6.4448535
6.6363870
6.8042970
