0.2099630
0.4295580
0.6422265
0.7752875
0.8433435
1.0670780
1.2825120
1.5013865
1.6252190
1.6991720
1.9242405
2.1433765
2.3561860
2.4845645
2.5559810
2.7808350
2.9979260
3.2170165
3.3412655
3.4169495
3.6405230
3.8567310
4.0697975
4.1968260
4.2654875
4.4946635
4.7118995
4.9308255
5.0546440
5.1277495
5.3543165
5.5705520
5.7833415
5.9105730
5.9961750
6.2119870
6.4264655
6.6413730
6.7562390
