0.1575790
1.3190480
2.3133335
3.2679805
4.2331555
5.1954700
6.1851790
7.3103975
7.5800230
8.4642190
