0.3017585
0.5876215
0.8867215
1.1939680
1.4855090
1.7691260
2.0732375
2.3747590
2.6761060
2.9704785
3.2316490
3.4485490
3.5629775
3.8583545
4.1551330
4.4533410
