0.0089060
0.1697315
0.5186510
0.7037505
0.8896540
1.2357045
1.6079285
1.9651035
2.1474435
2.3117500
2.5094555
2.6646145
3.0391675
3.2725120
3.4033430
3.5569500
3.7489595
4.1280745
4.4878445
4.6969050
4.8431860
5.0283845
5.1443880
5.2023535
5.5642610
5.9271530
6.2870290
6.4648865
6.6521530
7.0088330
7.3696790
7.6201375
7.7288780
7.9165055
8.0795525
8.2684815
8.4502800
8.5946110
8.8101770
9.1597800
9.3336350
9.5205010
9.8927970
10.2487955
10.6059335
10.7767825
10.9652275
11.1452155
11.3307365
11.5250395
11.6866640
