0.0153905
0.3899130
0.7151555
0.9413285
1.1458615
1.2746810
1.3881020
1.4827535
1.5873530
1.6920650
1.8116855
2.1538160
2.4835625
2.5860185
2.6888950
2.7847455
2.8701325
2.9700395
3.0871270
3.1786455
3.2965135
3.3986230
3.5256760
3.8646670
4.2176855
4.4539185
4.9063135
4.9979640
5.1188360
5.2092345
5.3494850
5.6874210
5.9955060
6.0974865
6.1961035
6.3332280
6.3948935
6.5347775
6.6378035
6.8445180
