0.0361780
0.2888940
0.4725245
0.6253260
0.7855140
0.9322765
1.1057145
1.5775170
